macOS sleep prevention active (caffeinate PID 5722).
Complex full-run driver started at 2026-09-09 14:44:46 +0100.
Log: /Users/cyae/Dropbox/GitHub/Code_thesis/ch5_singular_value_singular_vector/complex/data/complex_full_run_20260909_144446.log
Status: /Users/cyae/Dropbox/GitHub/Code_thesis/ch5_singular_value_singular_vector/complex/data/complex_full_run_20260909_144446_status.mat
Complex preflight validation passed under MATLAB 2026a.
Starting varying_kappa at 2026-09-09 14:44:46 +0100.
varying kappa: MODE 1, 1/20
varying kappa: MODE 1, 2/20
varying kappa: MODE 1, 3/20
varying kappa: MODE 1, 4/20
varying kappa: MODE 1, 5/20
varying kappa: MODE 1, 6/20
varying kappa: MODE 1, 7/20
varying kappa: MODE 1, 8/20
varying kappa: MODE 1, 9/20
varying kappa: MODE 1, 10/20
varying kappa: MODE 1, 11/20
varying kappa: MODE 1, 12/20
varying kappa: MODE 1, 13/20
varying kappa: MODE 1, 14/20
varying kappa: MODE 1, 15/20
varying kappa: MODE 1, 16/20
varying kappa: MODE 1, 17/20
varying kappa: MODE 1, 18/20
varying kappa: MODE 1, 19/20
varying kappa: MODE 1, 20/20
varying kappa: MODE 2, 1/20
varying kappa: MODE 2, 2/20
varying kappa: MODE 2, 3/20
varying kappa: MODE 2, 4/20
varying kappa: MODE 2, 5/20
varying kappa: MODE 2, 6/20
varying kappa: MODE 2, 7/20
varying kappa: MODE 2, 8/20
varying kappa: MODE 2, 9/20
varying kappa: MODE 2, 10/20
varying kappa: MODE 2, 11/20
varying kappa: MODE 2, 12/20
varying kappa: MODE 2, 13/20
varying kappa: MODE 2, 14/20
varying kappa: MODE 2, 15/20
varying kappa: MODE 2, 16/20
varying kappa: MODE 2, 17/20
varying kappa: MODE 2, 18/20
varying kappa: MODE 2, 19/20
varying kappa: MODE 2, 20/20
varying kappa: MODE 3, 1/20
varying kappa: MODE 3, 2/20
varying kappa: MODE 3, 3/20
varying kappa: MODE 3, 4/20
varying kappa: MODE 3, 5/20
varying kappa: MODE 3, 6/20
varying kappa: MODE 3, 7/20
varying kappa: MODE 3, 8/20
varying kappa: MODE 3, 9/20
varying kappa: MODE 3, 10/20
varying kappa: MODE 3, 11/20
varying kappa: MODE 3, 12/20
varying kappa: MODE 3, 13/20
varying kappa: MODE 3, 14/20
varying kappa: MODE 3, 15/20
varying kappa: MODE 3, 16/20
varying kappa: MODE 3, 17/20
varying kappa: MODE 3, 18/20
varying kappa: MODE 3, 19/20
varying kappa: MODE 3, 20/20
varying kappa: MODE 4, 1/20
varying kappa: MODE 4, 2/20
varying kappa: MODE 4, 3/20
varying kappa: MODE 4, 4/20
varying kappa: MODE 4, 5/20
varying kappa: MODE 4, 6/20
varying kappa: MODE 4, 7/20
varying kappa: MODE 4, 8/20
varying kappa: MODE 4, 9/20
varying kappa: MODE 4, 10/20
varying kappa: MODE 4, 11/20
varying kappa: MODE 4, 12/20
varying kappa: MODE 4, 13/20
varying kappa: MODE 4, 14/20
varying kappa: MODE 4, 15/20
varying kappa: MODE 4, 16/20
varying kappa: MODE 4, 17/20
varying kappa: MODE 4, 18/20
varying kappa: MODE 4, 19/20
varying kappa: MODE 4, 20/20
varying kappa: MODE 5, 1/20
varying kappa: MODE 5, 2/20
varying kappa: MODE 5, 3/20
varying kappa: MODE 5, 4/20
varying kappa: MODE 5, 5/20
varying kappa: MODE 5, 6/20
varying kappa: MODE 5, 7/20
varying kappa: MODE 5, 8/20
varying kappa: MODE 5, 9/20
varying kappa: MODE 5, 10/20
varying kappa: MODE 5, 11/20
varying kappa: MODE 5, 12/20
varying kappa: MODE 5, 13/20
varying kappa: MODE 5, 14/20
varying kappa: MODE 5, 15/20
varying kappa: MODE 5, 16/20
varying kappa: MODE 5, 17/20
varying kappa: MODE 5, 18/20
varying kappa: MODE 5, 19/20
varying kappa: MODE 5, 20/20
Completed varying_kappa at 2026-09-09 16:46:54 +0100.
Starting varying_n at 2026-09-09 16:46:54 +0100.
varying n: MODE 1, 1/15
varying n: MODE 1, 2/15
varying n: MODE 1, 3/15
varying n: MODE 1, 4/15
varying n: MODE 1, 5/15
varying n: MODE 1, 6/15
varying n: MODE 1, 7/15
varying n: MODE 1, 8/15
varying n: MODE 1, 9/15
varying n: MODE 1, 10/15
varying n: MODE 1, 11/15
varying n: MODE 1, 12/15
varying n: MODE 1, 13/15
varying n: MODE 1, 14/15
varying n: MODE 1, 15/15
varying n: MODE 2, 1/15
varying n: MODE 2, 2/15
varying n: MODE 2, 3/15
varying n: MODE 2, 4/15
varying n: MODE 2, 5/15
varying n: MODE 2, 6/15
varying n: MODE 2, 7/15
varying n: MODE 2, 8/15
varying n: MODE 2, 9/15
varying n: MODE 2, 10/15
varying n: MODE 2, 11/15
varying n: MODE 2, 12/15
varying n: MODE 2, 13/15
varying n: MODE 2, 14/15
varying n: MODE 2, 15/15
varying n: MODE 3, 1/15
varying n: MODE 3, 2/15
varying n: MODE 3, 3/15
varying n: MODE 3, 4/15
varying n: MODE 3, 5/15
varying n: MODE 3, 6/15
varying n: MODE 3, 7/15
varying n: MODE 3, 8/15
varying n: MODE 3, 9/15
varying n: MODE 3, 10/15
varying n: MODE 3, 11/15
varying n: MODE 3, 12/15
varying n: MODE 3, 13/15
varying n: MODE 3, 14/15
varying n: MODE 3, 15/15
varying n: MODE 4, 1/15
varying n: MODE 4, 2/15
varying n: MODE 4, 3/15
varying n: MODE 4, 4/15
varying n: MODE 4, 5/15
varying n: MODE 4, 6/15
varying n: MODE 4, 7/15
varying n: MODE 4, 8/15
varying n: MODE 4, 9/15
varying n: MODE 4, 10/15
varying n: MODE 4, 11/15
varying n: MODE 4, 12/15
varying n: MODE 4, 13/15
varying n: MODE 4, 14/15
varying n: MODE 4, 15/15
varying n: MODE 5, 1/15
varying n: MODE 5, 2/15
varying n: MODE 5, 3/15
varying n: MODE 5, 4/15
varying n: MODE 5, 5/15
varying n: MODE 5, 6/15
varying n: MODE 5, 7/15
varying n: MODE 5, 8/15
varying n: MODE 5, 9/15
varying n: MODE 5, 10/15
varying n: MODE 5, 11/15
varying n: MODE 5, 12/15
varying n: MODE 5, 13/15
varying n: MODE 5, 14/15
varying n: MODE 5, 15/15
Completed varying_n at 2026-09-09 17:06:16 +0100.
Starting ssd_timing at 2026-09-09 17:06:16 +0100.
SSD timing: n=100, 1/10
SSD timing: n=129, 2/10
SSD timing: n=167, 3/10
SSD timing: n=215, 4/10
SSD timing: n=278, 5/10
SSD timing: n=359, 6/10
SSD timing: n=464, 7/10
SSD timing: n=599, 8/10
SSD timing: n=774, 9/10
SSD timing: n=1000, 10/10
Completed ssd_timing at 2026-09-09 17:10:23 +0100.
All complex full experiments completed.
Finished at 2026-09-09 17:10:23 +0100.
